// Jest Snapshot v1, https://goo.gl/fbAQLP

exports[`worked when error 1`] = `
<DocumentFragment>
  <div
    class=" text-fg  text-lg mt-[35vh] font-bold text-center"
  >
    <div>
      <span>
        Oops! There was an error!
      </span>
       
      <span
        class=" ml-1"
      >
        :(
      </span>
    </div>
    <div
      class=" text-secondary mt-1"
      data-testid="error-btn"
    >
      Try again
    </div>
  </div>
</DocumentFragment>
`;
